// Jest Snapshot v1, https://goo.gl/fbAQLP

exports[`MessageList should match snapshot 1`] = `
<RCTScrollView
  onContentSizeChange={[Function]}
>
  <View>
    <RCTScrollView
      dataSource={
        ListViewDataSource {
          "items": "unknown",
        }
      }
      enableEmptySections={true}
      renderRow={[Function]}
      renderScrollComponent={[Function]}
    >
      <View />
    </RCTScrollView>
  </View>
</RCTScrollView>
`;
